// Jest Snapshot v1, https://goo.gl/fbAQLP

exports[`AspectRatio component 1`] = `
Array [
  .c1 {
  display: -webkit-box;
  display: -webkit-flex;
  display: -ms-flexbox;
  display: flex;
  position: absolute;
  -webkit-align-items: center;
  -webkit-box-align: center;
  -ms-flex-align: center;
  align-items: center;
  -webkit-box-pack: center;
  -webkit-justify-content: center;
  -ms-flex-pack: center;
  justify-content: center;
  left: 0;
  top: 0;
}

.c0 {
  width: 100%;
  height: 0;
  padding-bottom: 56.25%;
  position: relative;
}

.c0 > div {
  width: 100%;
  height: 100%;
  overflow: hidden;
}

.c0 img {
  object-fit: cover;
}

<div
    className="c0"
    height={0}
    width="100%"
  >
    <div
      className="c1"
    >
      16:9
    </div>
  </div>,
  .c1 {
  display: -webkit-box;
  display: -webkit-flex;
  display: -ms-flexbox;
  display: flex;
  position: absolute;
  -webkit-align-items: center;
  -webkit-box-align: center;
  -ms-flex-align: center;
  align-items: center;
  -webkit-box-pack: center;
  -webkit-justify-content: center;
  -ms-flex-pack: center;
  justify-content: center;
  left: 0;
  top: 0;
}

.c0 {
  width: 100%;
  height: 0;
  padding-bottom: 75%;
  position: relative;
}

.c0 > div {
  width: 100%;
  height: 100%;
  overflow: hidden;
}

.c0 img {
  object-fit: cover;
}

<div
    className="c0"
    height={0}
    width="100%"
  >
    <div
      className="c1"
    >
      4:3
    </div>
  </div>,
]
`;
