// Jest Snapshot v1, https://goo.gl/fbAQLP

exports[`Box component 1`] = `
Array [
  @media screen and (min-width:64em) {

}

<div
    className=""
  >
    Empty
  </div>,
  .c0 {
  padding: 10px;
  margin-top: 15px;
  margin-bottom: 15px;
  background: crimson;
  color: white;
}

@media screen and (min-width:64em) {

}

<div
    className="c0"
    color="white"
  >
    Box 1
  </div>,
  .c0 {
  padding: 10px;
  margin-top: 15px;
  margin-bottom: 15px;
  background: navy;
  color: white;
}

.c0:hover {
  background: crimson;
}

@media screen and (min-width:64em) {
  .c0:hover {
    background: green;
  }
}

<div
    className="c0"
    color="white"
  >
    Box 2
  </div>,
  .c0 {
  padding: 10px;
  margin-top: 15px;
  margin-bottom: 15px;
  background: navy;
  color: white;
}

.c0::before {
  content: "before";
  background: green;
}

.c0::after {
  content: "after";
  background: green;
}

@media screen and (min-width:64em) {

}

<div
    className="c0"
    color="white"
  >
    Box 3
  </div>,
  [role=group]:hover .c0 {
  background: navy;
}

@media screen and (min-width:64em) {

}

<div
    className=""
    role="group"
  >
    <div
      className=""
    >
      Outside
    </div>
    <div
      className="c0"
    >
      Inside
    </div>
  </div>,
]
`;
