// Jest Snapshot v1, https://goo.gl/fbAQLP

exports[`XcoreProvider component 1`] = `null`;
